// Jest Snapshot v1, https://goo.gl/fbAQLP

exports[`theme theme settings should match snapshot 1`] = `
Object {
  "palette": Object {
    "primary": Object {
      "contrastText": "#fff",
      "dark": "#006ea9",
      "light": "#6fcdff ",
      "main": "#2d9cdb",
    },
  },
  "shape": Object {
    "borderRadius": 8,
  },
}
`;
